
================================================================================
POPULATE RUN START 2026-07-12 12:17:33
================================================================================
================================================================================
JRTCA TRIAL RESULTS DATABASE POPULATOR (FIXED PARSING)
================================================================================

Connecting to database...
  Connected using driver: ODBC Driver 17 for SQL Server
Per-trial normalization deferred until all files are loaded

Scanning for trial files...
Found 1 trial files (skipped 57 txt files with matching html/htm) (ordered by trial date, then filename)

Preloading dogs, owners, divisions, and classes from database...
  Loaded 74,868 dogs, 24,428 owners, 183 divisions, 11,974 classes for reuse
  Dog/owner merges disabled during post-load normalization
Starting IDs (continuing): Trial=1729, Class=160983, Placement=545354
[1/1] 
Processing: C:\Users\mw\OneDrive - timberwilde.net\repos\jrtca_results\MO Earthdogs\2014 MO Earthdogs Results.txt
  Found 630 placement results
  Inserted trial (ID: 1729)
  Successfully inserted 630 placements (0 with times) (Trial ID: 1729)
  Deferred normalization for trial 1729
  -> Trial ID 1729 committed

Running deferred post-load normalization for 1 trial(s) in one batch...
[12:18:32] Post-load normalization for trial 1729
[12:18:32]   Entities: 11 divisions, 155 classes, 265 dogs, 112 owners
[12:18:32]   Normalizing 11 division name(s)...
[12:18:32]   No division name changes needed
[12:18:32] No duplicate division groups to merge
[12:18:33]   Name updates: 0 classes, 0 dogs, 0 owners
[12:18:33] Found 0 duplicate class groups to merge
[12:18:33]   Skipping dog/owner merges (reusing existing catalog entities)
[12:18:33]   Merges: 0 class IDs, 0 dog IDs, 0 owner IDs
[12:18:33] Post-load normalization complete for trial 1729

================================================================================
DONE!
================================================================================
POPULATE RUN END 2026-07-12 12:18:33
