
================================================================================
POPULATE RUN START 2026-07-11 15:57:52
================================================================================
================================================================================
JRTCA TRIAL RESULTS DATABASE POPULATOR (FIXED PARSING)
================================================================================

Connecting to database...
  Connected using driver: ODBC Driver 17 for SQL Server

Scanning for trial files...
Found 16 trial files (skipped 962 txt files with matching html/htm) (ordered by trial date, then filename)
Starting IDs (continuing): Trial=1687, Class=152043, Placement=500990
[1/16] 
Processing: C:\Users\mw\OneDrive - timberwilde.net\repos\jrtca_results\MO Earthdogs\1999 MO Earthdogs w GTG times.txt
    Location: Gray Summit, MO
    Dates: May 29, 1999 to May 30, 1999
    Chair: MOE
  Found 307 placement results
  Inserted trial (ID: 1687)
  Successfully inserted 307 placements (66 with times) (Trial ID: 1687)
[15:58:59] Post-load normalization for trial 1687
[15:58:59]   Entities: 5 divisions, 66 classes, 189 dogs, 64 owners
[15:58:59]   Normalizing 5 division name(s)...
[15:58:59]   No division name changes needed
[15:58:59] No duplicate division groups to merge
[15:58:59]   Name updates: 0 classes, 0 dogs, 0 owners
[15:58:59] Found 0 duplicate class groups to merge
[15:58:59] Loading dogs for duplicate merge...
[15:59:00] Clustering 77,280 dog names by similarity...
[16:04:04] Found 108 duplicate dog groups (trial-scoped)
[16:06:59] Dog merge: 108/108 (100%) (724 IDs consolidated)
[16:06:59] Loading owners for duplicate merge...
[16:06:59] Clustering 23,072 owner names...
[16:06:59] Found 2 duplicate owner groups (trial-scoped)
[16:06:59] Owner merge: 2/2 (100%) (2 IDs consolidated)
[16:06:59]   Merges: 0 class IDs, 724 dog IDs, 2 owner IDs
[16:06:59] Post-load normalization complete for trial 1687
  -> Trial ID 1687 committed
[2/16] 
Processing: C:\Users\mw\OneDrive - timberwilde.net\repos\jrtca_results\MO Earthdogs\2018 MO Earthdogs.txt
    Location: Gray Summit, MO
    Dates: May 25, 2018 to May 27, 2018
    Chair: Bonita Knickmeyer
    Judges: Nick Stevens, Conformation; Kym Davis, David Krietemeyer, Stephen Martin, and Bob Schreiner, Go-to-Ground; Sharon Knickmeyer & Charlene Schlueter, Racing
  Found 613 placement results
  Inserted trial (ID: 1688)
  Successfully inserted 613 placements (0 with times) (Trial ID: 1688)
[16:08:54] Post-load normalization for trial 1688
[16:08:54]   Entities: 7 divisions, 171 classes, 233 dogs, 110 owners
[16:08:54]   Normalizing 7 division name(s)...
[16:08:54]   No division name changes needed
[16:08:54] No duplicate division groups to merge
[16:08:54]   Name updates: 0 classes, 0 dogs, 2 owners
[16:08:54] Found 0 duplicate class groups to merge
[16:08:54] Loading dogs for duplicate merge...
[16:08:55] Clustering 76,725 dog names by similarity...
[16:13:26] Found 157 duplicate dog groups (trial-scoped)
[16:16:27] Dog merge: 157/157 (100%) (699 IDs consolidated)
[16:16:27] Loading owners for duplicate merge...
[16:16:27] Clustering 23,120 owner names...
[16:16:28] Found 4 duplicate owner groups (trial-scoped)
[16:16:28] Owner merge: 4/4 (100%) (4 IDs consolidated)
[16:16:28]   Merges: 0 class IDs, 699 dog IDs, 4 owner IDs
[16:16:28] Post-load normalization complete for trial 1688
  -> Trial ID 1688 committed
[3/16] 
Processing: C:\Users\mw\OneDrive - timberwilde.net\repos\jrtca_results\MO Earthdogs\2000 MO Earthdogs w GTG times.txt
    Chair: MOE
    Judges: Geoff Burnhill, Conformation; Susan Parsons, Go-to-Ground; Art Womack, Racing
  Found 340 placement results
  Inserted trial (ID: 1689)
  Successfully inserted 340 placements (75 with times) (Trial ID: 1689)
[16:16:36] Post-load normalization for trial 1689
[16:16:36]   Entities: 4 divisions, 66 classes, 196 dogs, 97 owners
[16:16:36]   Normalizing 4 division name(s)...
[16:16:36]   No division name changes needed
[16:16:36] No duplicate division groups to merge
[16:16:36]   Name updates: 0 classes, 0 dogs, 0 owners
[16:16:36] Found 0 duplicate class groups to merge
[16:16:36] Loading dogs for duplicate merge...
[16:16:37] Clustering 76,164 dog names by similarity...
[16:21:46] Found 106 duplicate dog groups (trial-scoped)
[16:23:58] Dog merge: 106/106 (100%) (522 IDs consolidated)
[16:23:58] Loading owners for duplicate merge...
[16:23:58] Clustering 23,161 owner names...
[16:23:59] Found 2 duplicate owner groups (trial-scoped)
[16:23:59] Owner merge: 2/2 (100%) (2 IDs consolidated)
[16:23:59]   Merges: 0 class IDs, 522 dog IDs, 2 owner IDs
[16:23:59] Post-load normalization complete for trial 1689
  -> Trial ID 1689 committed
[4/16] 
Processing: C:\Users\mw\OneDrive - timberwilde.net\repos\jrtca_results\MO Earthdogs\2001 MO Earthdogs.txt
    Chair: MOE
    Judges: Dave Findlay, Conformation; Susan Parsons & Jerry Waelterman, Go-to-Ground; Art Womack, Racing
  Found 462 placement results
  Inserted trial (ID: 1690)
  Successfully inserted 462 placements (12 with times) (Trial ID: 1690)
[16:24:20] Post-load normalization for trial 1690
[16:24:20]   Entities: 5 divisions, 90 classes, 331 dogs, 223 owners
[16:24:20]   Normalizing 5 division name(s)...
[16:24:20]   No division name changes needed
[16:24:20] No duplicate division groups to merge
[16:24:20]   Name updates: 1 classes, 1 dogs, 0 owners
[16:24:20] Found 1 duplicate class groups to merge
[16:24:20] Class merge: 1/1 (100%) (1 IDs consolidated)
[16:24:20] Loading dogs for duplicate merge...
[16:24:20] Clustering 75,907 dog names by similarity...
[16:27:59] Found 149 duplicate dog groups (trial-scoped)
[16:30:23] Dog merge: 149/149 (100%) (608 IDs consolidated)
[16:30:23] Loading owners for duplicate merge...
[16:30:23] Clustering 23,310 owner names...
[16:30:23] Found 2 duplicate owner groups (trial-scoped)
[16:30:23] Owner merge: 2/2 (100%) (2 IDs consolidated)
[16:30:23]   Merges: 1 class IDs, 608 dog IDs, 2 owner IDs
[16:30:23] Post-load normalization complete for trial 1690
  -> Trial ID 1690 committed
[5/16] 
Processing: C:\Users\mw\OneDrive - timberwilde.net\repos\jrtca_results\MO Earthdogs\2002 MO Earthdogs w GTG times.txt
    Chair: MOE
  Found 478 placement results
  Inserted trial (ID: 1691)
  Successfully inserted 478 placements (114 with times) (Trial ID: 1691)
[16:30:31] Post-load normalization for trial 1691
[16:30:31]   Entities: 5 divisions, 54 classes, 289 dogs, 156 owners
[16:30:31]   Normalizing 5 division name(s)...
[16:30:31]   No division name changes needed
[16:30:31] No duplicate division groups to merge
[16:30:31]   Name updates: 0 classes, 13 dogs, 3 owners
[16:30:31] Found 0 duplicate class groups to merge
[16:30:31] Loading dogs for duplicate merge...
[16:30:31] Clustering 75,516 dog names by similarity...
[16:34:25] Found 157 duplicate dog groups (trial-scoped)
[16:36:57] Dog merge: 157/157 (100%) (641 IDs consolidated)
[16:36:57] Loading owners for duplicate merge...
[16:36:57] Clustering 23,370 owner names...
[16:36:57] Found 2 duplicate owner groups (trial-scoped)
[16:36:58] Owner merge: 2/2 (100%) (4 IDs consolidated)
[16:36:58]   Merges: 0 class IDs, 641 dog IDs, 4 owner IDs
[16:36:58] Post-load normalization complete for trial 1691
  -> Trial ID 1691 committed
[6/16] 
Processing: C:\Users\mw\OneDrive - timberwilde.net\repos\jrtca_results\MO Earthdogs\2003 MO Earthdogs w GTG times.txt
    Chair: MOE
  Found 298 placement results
  Inserted trial (ID: 1692)
  Successfully inserted 298 placements (182 with times) (Trial ID: 1692)
[16:37:02] Post-load normalization for trial 1692
[16:37:02]   Entities: 4 divisions, 38 classes, 152 dogs, 89 owners
[16:37:02]   Normalizing 4 division name(s)...
[16:37:02]   No division name changes needed
[16:37:02] No duplicate division groups to merge
[16:37:02]   Name updates: 0 classes, 0 dogs, 5 owners
[16:37:02] Found 0 duplicate class groups to merge
[16:37:02] Loading dogs for duplicate merge...
[16:37:02] Clustering 74,993 dog names by similarity...
[16:42:06] Found 76 duplicate dog groups (trial-scoped)
[16:43:23] Dog merge: 76/76 (100%) (308 IDs consolidated)
[16:43:23] Loading owners for duplicate merge...
[16:43:23] Clustering 23,397 owner names...
[16:43:23] Found 8 duplicate owner groups (trial-scoped)
[16:43:24] Owner merge: 8/8 (100%) (8 IDs consolidated)
[16:43:24]   Merges: 0 class IDs, 308 dog IDs, 8 owner IDs
[16:43:24] Post-load normalization complete for trial 1692
  -> Trial ID 1692 committed
[7/16] 
Processing: C:\Users\mw\OneDrive - timberwilde.net\repos\jrtca_results\MO Earthdogs\2004 MO Earthdogs w GTG times.txt
  Found 593 placement results
  Inserted trial (ID: 1693)
  Successfully inserted 593 placements (177 with times) (Trial ID: 1693)
[16:43:31] Post-load normalization for trial 1693
[16:43:31]   Entities: 4 divisions, 95 classes, 372 dogs, 125 owners
[16:43:31]   Normalizing 4 division name(s)...
[16:43:31]   No division name changes needed
[16:43:31] No duplicate division groups to merge
[16:43:32]   Name updates: 2 classes, 3 dogs, 1 owners
[16:43:32] Found 2 duplicate class groups to merge
[16:43:32] Class merge: 2/2 (100%) (2 IDs consolidated)
[16:43:32] Loading dogs for duplicate merge...
[16:43:32] Clustering 74,990 dog names by similarity...
[16:47:44] Found 148 duplicate dog groups (trial-scoped)
[16:49:45] Dog merge: 148/148 (100%) (528 IDs consolidated)
[16:49:45] Loading owners for duplicate merge...
[16:49:45] Clustering 23,445 owner names...
[16:49:45] Found 1 duplicate owner groups (trial-scoped)
[16:49:46] Owner merge: 1/1 (100%) (1 IDs consolidated)
[16:49:46]   Merges: 2 class IDs, 528 dog IDs, 1 owner IDs
[16:49:46] Post-load normalization complete for trial 1693
  -> Trial ID 1693 committed
[8/16] 
Processing: C:\Users\mw\OneDrive - timberwilde.net\repos\jrtca_results\MO Earthdogs\2008 MO Earthdogs.txt
    Chair: MOE
  Found 353 placement results
  Inserted trial (ID: 1694)
  Successfully inserted 353 placements (0 with times) (Trial ID: 1694)
[16:49:53] Post-load normalization for trial 1694
[16:49:53]   Entities: 5 divisions, 103 classes, 241 dogs, 102 owners
[16:49:53]   Normalizing 5 division name(s)...
[16:49:53]   No division name changes needed
[16:49:53] No duplicate division groups to merge
[16:49:53]   Name updates: 7 classes, 1 dogs, 0 owners
[16:49:53] Found 5 duplicate class groups to merge
[16:49:53] Class merge: 5/5 (100%) (5 IDs consolidated)
[16:49:53] Loading dogs for duplicate merge...
[16:49:53] Clustering 74,639 dog names by similarity...
[16:53:48] Found 128 duplicate dog groups (trial-scoped)
[16:55:51] Dog merge: 128/128 (100%) (493 IDs consolidated)
[16:55:51] Loading owners for duplicate merge...
[16:55:51] Clustering 23,490 owner names...
[16:55:51] Found 4 duplicate owner groups (trial-scoped)
[16:55:52] Owner merge: 4/4 (100%) (4 IDs consolidated)
[16:55:52]   Merges: 5 class IDs, 493 dog IDs, 4 owner IDs
[16:55:52] Post-load normalization complete for trial 1694
  -> Trial ID 1694 committed
[9/16] 
Processing: C:\Users\mw\OneDrive - timberwilde.net\repos\jrtca_results\MO Earthdogs\2009 MO Earthdogs.txt
    Chair: MOE
  Found 425 placement results
  Inserted trial (ID: 1695)
  Successfully inserted 425 placements (1 with times) (Trial ID: 1695)
[16:55:59] Post-load normalization for trial 1695
[16:55:59]   Entities: 8 divisions, 122 classes, 295 dogs, 111 owners
[16:55:59]   Normalizing 8 division name(s)...
[16:55:59]   No division name changes needed
[16:55:59] No duplicate division groups to merge
[16:55:59]   Name updates: 1 classes, 0 dogs, 1 owners
[16:55:59] Found 0 duplicate class groups to merge
[16:55:59] Loading dogs for duplicate merge...
[16:56:00] Clustering 74,389 dog names by similarity...
[17:00:11] Found 171 duplicate dog groups (trial-scoped)
[17:02:10] Dog merge: 171/171 (100%) (491 IDs consolidated)
[17:02:10] Loading owners for duplicate merge...
[17:02:10] Clustering 23,537 owner names...
[17:02:10] Found 4 duplicate owner groups (trial-scoped)
[17:02:10] Owner merge: 4/4 (100%) (4 IDs consolidated)
[17:02:10]   Merges: 0 class IDs, 491 dog IDs, 4 owner IDs
[17:02:10] Post-load normalization complete for trial 1695
  -> Trial ID 1695 committed
[10/16] 
Processing: C:\Users\mw\OneDrive - timberwilde.net\repos\jrtca_results\MO Earthdogs\2010 MO Earthdogs.txt
    Location: Gray Summit, MO
  Found 584 placement results
  Inserted trial (ID: 1696)
  Successfully inserted 584 placements (0 with times) (Trial ID: 1696)
[17:02:22] Post-load normalization for trial 1696
[17:02:22]   Entities: 6 divisions, 122 classes, 254 dogs, 98 owners
[17:02:22]   Normalizing 6 division name(s)...
[17:02:22]   No division name changes needed
[17:02:22] No duplicate division groups to merge
[17:02:22]   Name updates: 0 classes, 0 dogs, 0 owners
[17:02:22] Found 0 duplicate class groups to merge
[17:02:22] Loading dogs for duplicate merge...
[17:02:22] Clustering 74,048 dog names by similarity...
[17:06:11] Found 140 duplicate dog groups (trial-scoped)
[17:08:01] Dog merge: 140/140 (100%) (474 IDs consolidated)
[17:08:01] Loading owners for duplicate merge...
[17:08:01] Clustering 23,555 owner names...
[17:08:01] Found 4 duplicate owner groups (trial-scoped)
[17:08:02] Owner merge: 4/4 (100%) (4 IDs consolidated)
[17:08:02]   Merges: 0 class IDs, 474 dog IDs, 4 owner IDs
[17:08:02] Post-load normalization complete for trial 1696
  -> Trial ID 1696 committed
[11/16] 
Processing: C:\Users\mw\OneDrive - timberwilde.net\repos\jrtca_results\MO Earthdogs\trialresults2012.pdf
    Location: Gray Summit, MO
    Chair: Bonita Knickmeyer      Trial Secretary: Tom Murawski
    Judges: Scott Garrett, Conformation; Joe Shapiro, Mike Hayes, Boomer Fischer, Go-to-
  Found 0 placement results
  Skipping file - no placements found
[12/16] 
Processing: C:\Users\mw\OneDrive - timberwilde.net\repos\jrtca_results\MO Earthdogs\trialresults2013.pdf
    Location: Purina Farms, Gray Summit, MO
    Chair: Bonita Knickmeyer      Trial Secretary: Tom Murawski
  Found 133 placement results
  Inserted trial (ID: 1697)
  Successfully inserted 133 placements (0 with times) (Trial ID: 1697)
[17:09:04] Post-load normalization for trial 1697
[17:09:04]   Entities: 3 divisions, 25 classes, 100 dogs, 0 owners
[17:09:04]   Normalizing 3 division name(s)...
[17:09:04]   No division name changes needed
[17:09:04] No duplicate division groups to merge
[17:09:04]   Name updates: 0 classes, 0 dogs, 0 owners
[17:09:04] Found 0 duplicate class groups to merge
[17:09:04] Loading dogs for duplicate merge...
[17:09:04] Clustering 73,674 dog names by similarity...
[17:12:52] Found 26 duplicate dog groups (trial-scoped)
[17:13:18] Dog merge: 26/26 (100%) (94 IDs consolidated)
[17:13:18] Loading owners for duplicate merge...
[17:13:18] Clustering 23,551 owner names...
[17:13:18] Found 24 duplicate owner groups
[17:13:21] Owner merge: 24/24 (100%) (24 IDs consolidated)
[17:13:21]   Merges: 0 class IDs, 94 dog IDs, 24 owner IDs
[17:13:21] Post-load normalization complete for trial 1697
  -> Trial ID 1697 committed
[13/16] 
Processing: C:\Users\mw\OneDrive - timberwilde.net\repos\jrtca_results\MO Earthdogs\trialresults2014.pdf
  Found 0 placement results
  Skipping file - no placements found
[14/16] 
Processing: C:\Users\mw\OneDrive - timberwilde.net\repos\jrtca_results\MO Earthdogs\trialresults2015.pdf
  Found 625 placement results
  Inserted trial (ID: 1698)
  Successfully inserted 625 placements (0 with times) (Trial ID: 1698)
[17:13:27] Post-load normalization for trial 1698
[17:13:27]   Entities: 7 divisions, 146 classes, 352 dogs, 0 owners
[17:13:27]   Normalizing 7 division name(s)...
[17:13:27]   No division name changes needed
[17:13:27] No duplicate division groups to merge
[17:13:27]   Name updates: 0 classes, 0 dogs, 0 owners
[17:13:27] Found 0 duplicate class groups to merge
[17:13:27] Loading dogs for duplicate merge...
[17:13:27] Clustering 73,932 dog names by similarity...
[17:17:56] Found 53 duplicate dog groups (trial-scoped)
[17:18:16] Dog merge: 53/53 (100%) (78 IDs consolidated)
[17:18:16] Loading owners for duplicate merge...
[17:18:16] Clustering 23,527 owner names...
[17:18:16] Found 0 duplicate owner groups
[17:18:16]   Merges: 0 class IDs, 78 dog IDs, 0 owner IDs
[17:18:16] Post-load normalization complete for trial 1698
  -> Trial ID 1698 committed
[15/16] 
Processing: C:\Users\mw\OneDrive - timberwilde.net\repos\jrtca_results\MO Earthdogs\trialresults2016.pdf
  Found 337 placement results
  Inserted trial (ID: 1699)
  Successfully inserted 337 placements (0 with times) (Trial ID: 1699)
[17:18:19] Post-load normalization for trial 1699
[17:18:19]   Entities: 4 divisions, 80 classes, 175 dogs, 0 owners
[17:18:19]   Normalizing 4 division name(s)...
[17:18:19]   No division name changes needed
[17:18:19] No duplicate division groups to merge
[17:18:19]   Name updates: 0 classes, 0 dogs, 0 owners
[17:18:19] Found 0 duplicate class groups to merge
[17:18:19] Loading dogs for duplicate merge...
[17:18:19] Clustering 74,001 dog names by similarity...
