
================================================================================
POPULATE RUN START 2026-07-11 19:32:21
================================================================================
================================================================================
JRTCA TRIAL RESULTS DATABASE POPULATOR (FIXED PARSING)
================================================================================

Connecting to database...
  Connected using driver: ODBC Driver 17 for SQL Server
Per-trial normalization deferred until all files are loaded

Scanning for trial files...
Found 26 trial files (skipped 962 txt files with matching html/htm) (ordered by trial date, then filename)
Starting IDs (continuing): Trial=1705, Class=158176, Placement=537173
[1/26] 
Processing: C:\Users\mw\OneDrive - timberwilde.net\repos\jrtca_results\JRTCC\2000 JRTCC National Trial Results.txt
    Location: September 22, 23
    Dates: 24, 2000 to 24, 2000
    Judges: Mikel Dander
  Found 0 placement results
  Skipping file - no placements found
[2/26] 
Processing: C:\Users\mw\OneDrive - timberwilde.net\repos\jrtca_results\JRTCC\2001 JRTCC National Trial Results.txt
    Location: Saturday
    Dates: September 22, 2001 to September 22, 2001
    Judges: 
    Judges: Mikel Dander
  Found 56 placement results
  Trial already exists in database (ID: 326, name: 2001 JRTCA National Trial), skipping...
[3/26] 
Processing: C:\Users\mw\OneDrive - timberwilde.net\repos\jrtca_results\JRTCC\2002 JRTCC National Trial Results.txt
    Location: September 20, 21
    Dates: & 22, 2002 to & 22, 2002
    Judges: Ron Downey
  Found 59 placement results
  Inserted trial (ID: 1705)
  Successfully inserted 59 placements (0 with times) (Trial ID: 1705)
  Deferred normalization for trial 1705
  -> Trial ID 1705 committed
[4/26] 
Processing: C:\Users\mw\OneDrive - timberwilde.net\repos\jrtca_results\JRTCC\2004 JRTCC National Trial Results.txt
    Location: Saturday
    Dates: September 18th to September 18th
    Judges: Sandra Ferber
  Found 56 placement results
  Inserted trial (ID: 1706)
  Successfully inserted 56 placements (0 with times) (Trial ID: 1706)
  Deferred normalization for trial 1706
  -> Trial ID 1706 committed
[5/26] 
Processing: C:\Users\mw\OneDrive - timberwilde.net\repos\jrtca_results\JRTCC\2006 JRTCC Nationals.txt
    Location: Ontario
    Dates: September 23, 2006 to September 24, 2006
    Chair: JRTCC
    Judges: 
  Found 365 placement results
  Inserted trial (ID: 1707)
  Successfully inserted 365 placements (0 with times) (Trial ID: 1707)
  Deferred normalization for trial 1707
  -> Trial ID 1707 committed
[6/26] 
Processing: C:\Users\mw\OneDrive - timberwilde.net\repos\jrtca_results\JRTCC\2007 JRTCC Nationals.txt
    Location: Ontario
    Dates: September 22, 2007 to September 23, 2007
    Chair: JRTCC
    Judges: 
  Found 485 placement results
  Inserted trial (ID: 1708)
  Successfully inserted 485 placements (0 with times) (Trial ID: 1708)
  Deferred normalization for trial 1708
  -> Trial ID 1708 committed
[7/26] 
Processing: C:\Users\mw\OneDrive - timberwilde.net\repos\jrtca_results\JRTCC\2008 JRTCC Nationals.txt
    Location: Ontario
    Dates: September 27, 2008 to September 28, 2008
    Chair: JRTCC
    Judges: 
  Found 438 placement results
  Inserted trial (ID: 1709)
  Successfully inserted 438 placements (0 with times) (Trial ID: 1709)
  Deferred normalization for trial 1709
  -> Trial ID 1709 committed
[8/26] 
Processing: C:\Users\mw\OneDrive - timberwilde.net\repos\jrtca_results\JRTCC\2009 JRTCC Nationals.txt
    Location: Ontario
    Dates: September 26, 2009 to September 27, 2009
    Chair: JRTCC
    Judges: 
  Found 550 placement results
  Inserted trial (ID: 1710)
  Successfully inserted 550 placements (0 with times) (Trial ID: 1710)
  Deferred normalization for trial 1710
  -> Trial ID 1710 committed
[9/26] 
Processing: C:\Users\mw\OneDrive - timberwilde.net\repos\jrtca_results\JRTCC\2010 JRTCC Nationals.txt
    Location: Ontario
    Dates: September 25, 2010 to September 26, 2010
    Chair: JRTCC
    Judges: 
  Found 537 placement results
  Inserted trial (ID: 1711)
  Successfully inserted 537 placements (0 with times) (Trial ID: 1711)
  Deferred normalization for trial 1711
  -> Trial ID 1711 committed
[10/26] 
Processing: C:\Users\mw\OneDrive - timberwilde.net\repos\jrtca_results\JRTCC\2011 JRTCC Nationals.txt
    Location: Ontario
    Dates: September 24, 2011 to September 25, 2011
    Chair: JRTCC
    Judges: 
  Found 492 placement results
  Inserted trial (ID: 1712)
  Successfully inserted 492 placements (0 with times) (Trial ID: 1712)
  Deferred normalization for trial 1712
  -> Trial ID 1712 committed
[11/26] 
Processing: C:\Users\mw\OneDrive - timberwilde.net\repos\jrtca_results\JRTCC\2012 JRTCC National Trial Results.txt
    Location: September 22
    Dates: 23, 2012 to 23, 2012
  Found 556 placement results
  Inserted trial (ID: 1713)
  Successfully inserted 556 placements (0 with times) (Trial ID: 1713)
  Deferred normalization for trial 1713
  -> Trial ID 1713 committed
[12/26] 
Processing: C:\Users\mw\OneDrive - timberwilde.net\repos\jrtca_results\JRTCC\1992 JRTCC National Trial Results.txt
    Judges: John Hannaford
  Found 38 placement results
  Inserted trial (ID: 1714)
  Successfully inserted 38 placements (0 with times) (Trial ID: 1714)
  Deferred normalization for trial 1714
  -> Trial ID 1714 committed
[13/26] 
Processing: C:\Users\mw\OneDrive - timberwilde.net\repos\jrtca_results\JRTCC\1993 JRTCC National Trial Results.txt
    Judges: Jock Reid, Scotland
  Found 28 placement results
  Inserted trial (ID: 1715)
  Successfully inserted 28 placements (0 with times) (Trial ID: 1715)
  Deferred normalization for trial 1715
  -> Trial ID 1715 committed
[14/26] 
Processing: C:\Users\mw\OneDrive - timberwilde.net\repos\jrtca_results\JRTCC\1994 JRTCC National Trial Results.txt
    Judges: Ross Quinlan
  Found 24 placement results
  Inserted trial (ID: 1716)
  Successfully inserted 24 placements (0 with times) (Trial ID: 1716)
  Deferred normalization for trial 1716
  -> Trial ID 1716 committed
[15/26] 
Processing: C:\Users\mw\OneDrive - timberwilde.net\repos\jrtca_results\JRTCC\1995 JRTCC National Trial Results.txt
    Judges: Denya Treviranus,Canada
  Found 38 placement results
  Inserted trial (ID: 1717)
  Successfully inserted 38 placements (0 with times) (Trial ID: 1717)
  Deferred normalization for trial 1717
  -> Trial ID 1717 committed
[16/26] 
Processing: C:\Users\mw\OneDrive - timberwilde.net\repos\jrtca_results\JRTCC\1996 JRTCC National Trial Results.txt
    Judges: Ross Quinlan
  Found 36 placement results
  Inserted trial (ID: 1718)
  Successfully inserted 36 placements (0 with times) (Trial ID: 1718)
  Deferred normalization for trial 1718
  -> Trial ID 1718 committed
[17/26] 
Processing: C:\Users\mw\OneDrive - timberwilde.net\repos\jrtca_results\JRTCC\1997 JRTCC National Trial Results.txt
    Judges: Linda Cowasjee
  Found 47 placement results
  Trial already exists in database (ID: 80, name: 1997 JRTCA National Trial), skipping...
[18/26] 
Processing: C:\Users\mw\OneDrive - timberwilde.net\repos\jrtca_results\JRTCC\1998 JRTCC National Trial Results.txt
  Found 50 placement results
  Inserted trial (ID: 1719)
  Successfully inserted 50 placements (0 with times) (Trial ID: 1719)
  Deferred normalization for trial 1719
  -> Trial ID 1719 committed
[19/26] 
Processing: C:\Users\mw\OneDrive - timberwilde.net\repos\jrtca_results\JRTCC\1999 JRTCC National Trial Results.txt
    Judges: N. GAYE REDPATH
  Found 0 placement results
  Skipping file - no placements found
[20/26] 
Processing: C:\Users\mw\OneDrive - timberwilde.net\repos\jrtca_results\JRTCC\2003 JRTCC National Trial Results.txt
    Judges: Wendy Schmaltz
  Found 48 placement results
  Inserted trial (ID: 1720)
  Successfully inserted 48 placements (0 with times) (Trial ID: 1720)
  Deferred normalization for trial 1720
  -> Trial ID 1720 committed
[21/26] 
Processing: C:\Users\mw\OneDrive - timberwilde.net\repos\jrtca_results\JRTCC\2013 JRTCC National Trial Results.txt
  Found 611 placement results
  Inserted trial (ID: 1721)
  Successfully inserted 611 placements (0 with times) (Trial ID: 1721)
  Deferred normalization for trial 1721
  -> Trial ID 1721 committed
[22/26] 
Processing: C:\Users\mw\OneDrive - timberwilde.net\repos\jrtca_results\JRTCC\2014 JRTCC National Trial Results.txt
    Judges: 
  Found 562 placement results
  Inserted trial (ID: 1722)
  Successfully inserted 562 placements (0 with times) (Trial ID: 1722)
  Deferred normalization for trial 1722
  -> Trial ID 1722 committed
[23/26] 
Processing: C:\Users\mw\OneDrive - timberwilde.net\repos\jrtca_results\JRTCC\2015 JRTCC National Trial Results.pdf
    Judges: JRTCC National Trial 2015 2015
  Found 496 placement results
  Inserted trial (ID: 1723)
  Successfully inserted 496 placements (0 with times) (Trial ID: 1723)
  Deferred normalization for trial 1723
  -> Trial ID 1723 committed
[24/26] 
Processing: C:\Users\mw\OneDrive - timberwilde.net\repos\jrtca_results\JRTCC\2016 JRTCC National Trial Results Sat.pdf
    Location: Saturday
    Dates: September 17, 2016 to September 17, 2016
    Judges: 
  Found 377 placement results
  Inserted trial (ID: 1724)
  Successfully inserted 377 placements (0 with times) (Trial ID: 1724)
  Deferred normalization for trial 1724
  -> Trial ID 1724 committed
[25/26] 
Processing: C:\Users\mw\OneDrive - timberwilde.net\repos\jrtca_results\JRTCC\2016 JRTCC National Trial Results Sun.pdf
    Location: Sunday
    Dates: September 18, 2016 to September 18, 2016
    Judges: 
  Found 317 placement results
  Inserted trial (ID: 1725)
  Successfully inserted 317 placements (0 with times) (Trial ID: 1725)
  Deferred normalization for trial 1725
  -> Trial ID 1725 committed
[26/26] 
Processing: C:\Users\mw\OneDrive - timberwilde.net\repos\jrtca_results\JRTCC\2017 JRTCC Nationals incl times.txt
  Found 746 placement results
  Inserted trial (ID: 1726)
  Successfully inserted 746 placements (0 with times) (Trial ID: 1726)
  Deferred normalization for trial 1726
  -> Trial ID 1726 committed

Running deferred post-load normalization for 22 trial(s)...
[normalize 1/22] trial 1705
[19:33:55] Post-load normalization for trial 1705
[19:33:55]   Entities: 3 divisions, 33 classes, 45 dogs, 7 owners
[19:33:55]   Normalizing 3 division name(s)...
[19:33:55]   No division name changes needed
[19:33:55] No duplicate division groups to merge
[19:33:55]   Name updates: 1 classes, 1 dogs, 0 owners
[19:33:55] Found 0 duplicate class groups to merge
[19:33:55] Loading dogs for duplicate merge...
[19:33:55] Clustering 75,361 dog names by similarity...
[19:39:08] Found 38 duplicate dog groups (trial-scoped)
[19:40:13] Dog merge: 38/38 (100%) (280 IDs consolidated)
[19:40:13] Loading owners for duplicate merge...
[19:40:13] Clustering 24,427 owner names...
[19:40:13] Found 1 duplicate owner groups (trial-scoped)
[19:40:13] Owner merge: 1/1 (100%) (1 IDs consolidated)
[19:40:13]   Merges: 0 class IDs, 280 dog IDs, 1 owner IDs
[19:40:13] Post-load normalization complete for trial 1705
[normalize 2/22] trial 1706
[19:40:13] Post-load normalization for trial 1706
[19:40:13]   Entities: 7 divisions, 31 classes, 39 dogs, 0 owners
[19:40:13]   Normalizing 7 division name(s)...
[19:40:13]   No division name changes needed
[19:40:13] No duplicate division groups to merge
[19:40:13]   Name updates: 0 classes, 3 dogs, 0 owners
[19:40:13] Found 0 duplicate class groups to merge
[19:40:13] Loading dogs for duplicate merge...
[19:40:14] Clustering 75,081 dog names by similarity...
[19:44:20] Found 5 duplicate dog groups (trial-scoped)
[19:44:23] Dog merge: 5/5 (100%) (13 IDs consolidated)
[19:44:23] Loading owners for duplicate merge...
[19:44:23] Clustering 24,426 owner names...
[19:44:23] Found 87 duplicate owner groups
[19:44:32] Owner merge: 87/87 (100%) (95 IDs consolidated)
[19:44:32]   Merges: 0 class IDs, 13 dog IDs, 95 owner IDs
[19:44:32] Post-load normalization complete for trial 1706
[normalize 3/22] trial 1707
[19:44:32] Post-load normalization for trial 1707
[19:44:32]   Entities: 8 divisions, 116 classes, 155 dogs, 54 owners
[19:44:32]   Normalizing 8 division name(s)...
[19:44:32]   No division name changes needed
[19:44:32] No duplicate division groups to merge
[19:44:32]   Name updates: 2 classes, 0 dogs, 0 owners
[19:44:32] Found 0 duplicate class groups to merge
[19:44:32] Loading dogs for duplicate merge...
[19:44:32] Clustering 75,069 dog names by similarity...
[19:49:33] Found 105 duplicate dog groups (trial-scoped)
[19:52:05] Dog merge: 105/105 (100%) (624 IDs consolidated)
[19:52:05] Loading owners for duplicate merge...
[19:52:06] Clustering 24,331 owner names...
[19:52:06] Found 0 duplicate owner groups (trial-scoped)
[19:52:06]   Merges: 0 class IDs, 624 dog IDs, 0 owner IDs
[19:52:06] Post-load normalization complete for trial 1707
[normalize 4/22] trial 1708
[19:52:06] Post-load normalization for trial 1708
[19:52:06]   Entities: 9 divisions, 152 classes, 177 dogs, 86 owners
[19:52:06]   Normalizing 9 division name(s)...
[19:52:06]   No division name changes needed
[19:52:06] No duplicate division groups to merge
[19:52:06]   Name updates: 7 classes, 2 dogs, 0 owners
[19:52:06] Found 3 duplicate class groups to merge
[19:52:07] Class merge: 3/3 (100%) (3 IDs consolidated)
[19:52:07] Loading dogs for duplicate merge...
[19:52:07] Clustering 74,445 dog names by similarity...
